nohup: ignoring input
2026-08-29 14:17:09.163592: I external/local_tsl/tsl/cuda/cudart_stub.cc:31] Could not find cuda drivers on your machine, GPU will not be used.
2026-08-29 14:17:09.348937: E external/local_xla/xla/stream_executor/cuda/cuda_dnn.cc:9261] Unable to register cuDNN factory: Attempting to register factory for plugin cuDNN when one has already been registered
2026-08-29 14:17:09.348990: E external/local_xla/xla/stream_executor/cuda/cuda_fft.cc:607] Unable to register cuFFT factory: Attempting to register factory for plugin cuFFT when one has already been registered
2026-08-29 14:17:09.351329: E external/local_xla/xla/stream_executor/cuda/cuda_blas.cc:1515] Unable to register cuBLAS factory: Attempting to register factory for plugin cuBLAS when one has already been registered
2026-08-29 14:17:09.438942: I external/local_tsl/tsl/cuda/cudart_stub.cc:31] Could not find cuda drivers on your machine, GPU will not be used.
2026-08-29 14:17:09.439162: I tensorflow/core/platform/cpu_feature_guard.cc:182] This TensorFlow binary is optimized to use available CPU instructions in performance-critical operations.
To enable the following instructions: AVX2 AVX512F FMA, in other operations, rebuild TensorFlow with the appropriate compiler flags.
2026-08-29 14:17:13.337650: W tensorflow/compiler/tf2tensorrt/utils/py_utils.cc:38] TF-TRT Warning: Could not find TensorRT
A.L.E: Arcade Learning Environment (version 0.8.1+53f58b7)
[Powered by Stella]
2026-08-29 14:17:17.539106: I tensorflow/compiler/mlir/mlir_graph_optimization_pass.cc:388] MLIR V1 optimization pass is not enabled
2026-08-29 14:17:17.641430: W tensorflow/c/c_api.cc:305] Operation '{name:'dense_1_1/bias/Assign' id:254 op device:{requested: '', assigned: ''} def:{{{node dense_1_1/bias/Assign}} = AssignVariableOp[_has_manual_control_dependencies=true, dtype=DT_FLOAT, validate_shape=false](dense_1_1/bias, dense_1_1/bias/Initializer/zeros)}}' was changed by setting attribute after it was run by a session. This mutation will have no effect, and will trigger an error in the future. Either don't modify nodes after running them or create a new session.
/root/.local/lib/python3.10/site-packages/keras/src/engine/training_v1.py:2359: UserWarning: `Model.state_updates` will be removed in a future version. This property should not be used in TensorFlow 2.0, as `updates` are applied automatically.
  updates=self.state_updates,
2026-08-29 14:17:19.661314: W tensorflow/c/c_api.cc:305] Operation '{name:'dense_1/BiasAdd' id:125 op device:{requested: '', assigned: ''} def:{{{node dense_1/BiasAdd}} = BiasAdd[T=DT_FLOAT, _has_manual_control_dependencies=true, data_format="NHWC"](dense_1/MatMul, dense_1/BiasAdd/ReadVariableOp)}}' was changed by setting attribute after it was run by a session. This mutation will have no effect, and will trigger an error in the future. Either don't modify nodes after running them or create a new session.
2026-08-29 14:17:19.746986: W tensorflow/c/c_api.cc:305] Operation '{name:'total/Assign' id:370 op device:{requested: '', assigned: ''} def:{{{node total/Assign}} = AssignVariableOp[_has_manual_control_dependencies=true, dtype=DT_FLOAT, validate_shape=false](total, total/Initializer/zeros)}}' was changed by setting attribute after it was run by a session. This mutation will have no effect, and will trigger an error in the future. Either don't modify nodes after running them or create a new session.
Training for 1750000 steps ...
     338/1750000: episode: 1, duration: 7.100s, episode steps: 338, steps per second:  48, episode reward:  0.000, mean reward:  0.000 [ 0.000,  0.000], mean action: 1.953 [0.000, 3.000],  loss: --, mae: --, mean_q: --
     643/1750000: episode: 2, duration: 6.004s, episode steps: 305, steps per second:  51, episode reward:  2.000, mean reward:  0.007 [ 0.000,  1.000], mean action: 1.931 [0.000, 3.000],  loss: --, mae: --, mean_q: --
    1026/1750000: episode: 3, duration: 7.593s, episode steps: 383, steps per second:  50, episode reward:  2.000, mean reward:  0.005 [ 0.000,  1.000], mean action: 1.950 [0.000, 3.000],  loss: --, mae: --, mean_q: --
    1473/1750000: episode: 4, duration: 8.709s, episode steps: 447, steps per second:  51, episode reward:  2.000, mean reward:  0.004 [ 0.000,  1.000], mean action: 1.969 [0.000, 3.000],  loss: --, mae: --, mean_q: --
    1799/1750000: episode: 5, duration: 6.393s, episode steps: 326, steps per second:  51, episode reward:  0.000, mean reward:  0.000 [ 0.000,  0.000], mean action: 1.966 [0.000, 3.000],  loss: --, mae: --, mean_q: --
    2246/1750000: episode: 6, duration: 9.508s, episode steps: 447, steps per second:  47, episode reward:  3.000, mean reward:  0.007 [ 0.000,  1.000], mean action: 1.933 [0.000, 3.000],  loss: --, mae: --, mean_q: --
    2687/1750000: episode: 7, duration: 8.682s, episode steps: 441, steps per second:  51, episode reward:  0.000, mean reward:  0.000 [ 0.000,  0.000], mean action: 1.977 [0.000, 3.000],  loss: --, mae: --, mean_q: --
    3174/1750000: episode: 8, duration: 9.401s, episode steps: 487, steps per second:  52, episode reward:  3.000, mean reward:  0.006 [ 0.000,  1.000], mean action: 1.957 [0.000, 3.000],  loss: --, mae: --, mean_q: --
    3503/1750000: episode: 9, duration: 6.506s, episode steps: 329, steps per second:  51, episode reward:  2.000, mean reward:  0.006 [ 0.000,  1.000], mean action: 1.964 [0.000, 3.000],  loss: --, mae: --, mean_q: --
    3973/1750000: episode: 10, duration: 9.396s, episode steps: 470, steps per second:  50, episode reward:  2.000, mean reward:  0.004 [ 0.000,  1.000], mean action: 1.936 [0.000, 3.000],  loss: --, mae: --, mean_q: --
    4526/1750000: episode: 11, duration: 11.095s, episode steps: 553, steps per second:  50, episode reward:  3.000, mean reward:  0.005 [ 0.000,  1.000], mean action: 1.964 [0.000, 3.000],  loss: --, mae: --, mean_q: --
    4816/1750000: episode: 12, duration: 5.609s, episode steps: 290, steps per second:  52, episode reward:  0.000, mean reward:  0.000 [ 0.000,  0.000], mean action: 1.966 [0.000, 3.000],  loss: --, mae: --, mean_q: --
    5053/1750000: episode: 13, duration: 4.707s, episode steps: 237, steps per second:  50, episode reward:  0.000, mean reward:  0.000 [ 0.000,  0.000], mean action: 1.949 [0.000, 3.000],  loss: --, mae: --, mean_q: --
    5404/1750000: episode: 14, duration: 7.394s, episode steps: 351, steps per second:  47, episode reward:  0.000, mean reward:  0.000 [ 0.000,  0.000], mean action: 1.940 [0.000, 3.000],  loss: --, mae: --, mean_q: --
    5823/1750000: episode: 15, duration: 8.192s, episode steps: 419, steps per second:  51, episode reward:  2.000, mean reward:  0.005 [ 0.000,  1.000], mean action: 1.962 [0.000, 3.000],  loss: --, mae: --, mean_q: --
    6193/1750000: episode: 16, duration: 7.097s, episode steps: 370, steps per second:  52, episode reward:  4.000, mean reward:  0.011 [ 0.000,  1.000], mean action: 1.959 [0.000, 3.000],  loss: --, mae: --, mean_q: --
    6518/1750000: episode: 17, duration: 6.303s, episode steps: 325, steps per second:  52, episode reward:  0.000, mean reward:  0.000 [ 0.000,  0.000], mean action: 1.920 [0.000, 3.000],  loss: --, mae: --, mean_q: --
    7015/1750000: episode: 18, duration: 9.700s, episode steps: 497, steps per second:  51, episode reward:  2.000, mean reward:  0.004 [ 0.000,  1.000], mean action: 1.964 [0.000, 3.000],  loss: --, mae: --, mean_q: --
    7400/1750000: episode: 19, duration: 7.501s, episode steps: 385, steps per second:  51, episode reward:  2.000, mean reward:  0.005 [ 0.000,  1.000], mean action: 1.945 [0.000, 3.000],  loss: --, mae: --, mean_q: --
    7829/1750000: episode: 20, duration: 8.309s, episode steps: 429, steps per second:  52, episode reward:  0.000, mean reward:  0.000 [ 0.000,  0.000], mean action: 1.951 [0.000, 3.000],  loss: --, mae: --, mean_q: --
    8159/1750000: episode: 21, duration: 6.734s, episode steps: 330, steps per second:  49, episode reward:  0.000, mean reward:  0.000 [ 0.000,  0.000], mean action: 1.936 [0.000, 3.000],  loss: --, mae: --, mean_q: --
    8539/1750000: episode: 22, duration: 7.934s, episode steps: 380, steps per second:  48, episode reward:  2.000, mean reward:  0.005 [ 0.000,  1.000], mean action: 1.918 [0.000, 3.000],  loss: --, mae: --, mean_q: --
    8977/1750000: episode: 23, duration: 8.314s, episode steps: 438, steps per second:  53, episode reward:  0.000, mean reward:  0.000 [ 0.000,  0.000], mean action: 1.952 [0.000, 3.000],  loss: --, mae: --, mean_q: --
    9426/1750000: episode: 24, duration: 8.694s, episode steps: 449, steps per second:  52, episode reward:  3.000, mean reward:  0.007 [ 0.000,  1.000], mean action: 1.953 [0.000, 3.000],  loss: --, mae: --, mean_q: --
    9835/1750000: episode: 25, duration: 7.791s, episode steps: 409, steps per second:  52, episode reward:  2.000, mean reward:  0.005 [ 0.000,  1.000], mean action: 1.914 [0.000, 3.000],  loss: --, mae: --, mean_q: --
   10241/1750000: episode: 26, duration: 7.896s, episode steps: 406, steps per second:  51, episode reward:  0.000, mean reward:  0.000 [ 0.000,  0.000], mean action: 1.941 [0.000, 3.000],  loss: --, mae: --, mean_q: --
   10560/1750000: episode: 27, duration: 6.015s, episode steps: 319, steps per second:  53, episode reward:  2.000, mean reward:  0.006 [ 0.000,  1.000], mean action: 1.981 [0.000, 3.000],  loss: --, mae: --, mean_q: --
   10829/1750000: episode: 28, duration: 5.191s, episode steps: 269, steps per second:  52, episode reward:  2.000, mean reward:  0.007 [ 0.000,  1.000], mean action: 1.892 [0.000, 3.000],  loss: --, mae: --, mean_q: --
   11257/1750000: episode: 29, duration: 8.496s, episode steps: 428, steps per second:  50, episode reward:  2.000, mean reward:  0.005 [ 0.000,  1.000], mean action: 1.928 [0.000, 3.000],  loss: --, mae: --, mean_q: --
   11671/1750000: episode: 30, duration: 8.116s, episode steps: 414, steps per second:  51, episode reward:  2.000, mean reward:  0.005 [ 0.000,  1.000], mean action: 1.964 [0.000, 3.000],  loss: --, mae: --, mean_q: --
   11978/1750000: episode: 31, duration: 5.890s, episode steps: 307, steps per second:  52, episode reward:  2.000, mean reward:  0.007 [ 0.000,  1.000], mean action: 1.906 [0.000, 3.000],  loss: --, mae: --, mean_q: --
   12339/1750000: episode: 32, duration: 6.904s, episode steps: 361, steps per second:  52, episode reward:  3.000, mean reward:  0.008 [ 0.000,  1.000], mean action: 1.900 [0.000, 3.000],  loss: --, mae: --, mean_q: --
   12881/1750000: episode: 33, duration: 10.587s, episode steps: 542, steps per second:  51, episode reward:  3.000, mean reward:  0.006 [ 0.000,  1.000], mean action: 1.956 [0.000, 3.000],  loss: --, mae: --, mean_q: --
   13232/1750000: episode: 34, duration: 6.900s, episode steps: 351, steps per second:  51, episode reward:  3.000, mean reward:  0.009 [ 0.000,  1.000], mean action: 1.900 [0.000, 3.000],  loss: --, mae: --, mean_q: --
   13537/1750000: episode: 35, duration: 5.894s, episode steps: 305, steps per second:  52, episode reward:  2.000, mean reward:  0.007 [ 0.000,  1.000], mean action: 1.934 [0.000, 3.000],  loss: --, mae: --, mean_q: --
   13964/1750000: episode: 36, duration: 8.019s, episode steps: 427, steps per second:  53, episode reward:  2.000, mean reward:  0.005 [ 0.000,  1.000], mean action: 1.958 [0.000, 3.000],  loss: --, mae: --, mean_q: --
   14246/1750000: episode: 37, duration: 5.480s, episode steps: 282, steps per second:  51, episode reward:  0.000, mean reward:  0.000 [ 0.000,  0.000], mean action: 1.947 [0.000, 3.000],  loss: --, mae: --, mean_q: --
   14602/1750000: episode: 38, duration: 7.516s, episode steps: 356, steps per second:  47, episode reward:  0.000, mean reward:  0.000 [ 0.000,  0.000], mean action: 1.938 [0.000, 3.000],  loss: --, mae: --, mean_q: --
   15168/1750000: episode: 39, duration: 10.910s, episode steps: 566, steps per second:  52, episode reward:  3.000, mean reward:  0.005 [ 0.000,  1.000], mean action: 1.972 [0.000, 3.000],  loss: --, mae: --, mean_q: --
   15566/1750000: episode: 40, duration: 7.511s, episode steps: 398, steps per second:  53, episode reward:  0.000, mean reward:  0.000 [ 0.000,  0.000], mean action: 1.990 [0.000, 3.000],  loss: --, mae: --, mean_q: --
   15968/1750000: episode: 41, duration: 7.784s, episode steps: 402, steps per second:  52, episode reward:  2.000, mean reward:  0.005 [ 0.000,  1.000], mean action: 1.973 [0.000, 3.000],  loss: --, mae: --, mean_q: --
   16550/1750000: episode: 42, duration: 11.295s, episode steps: 582, steps per second:  52, episode reward:  2.000, mean reward:  0.003 [ 0.000,  1.000], mean action: 1.940 [0.000, 3.000],  loss: --, mae: --, mean_q: --
   16919/1750000: episode: 43, duration: 7.108s, episode steps: 369, steps per second:  52, episode reward:  2.000, mean reward:  0.005 [ 0.000,  1.000], mean action: 1.943 [0.000, 3.000],  loss: --, mae: --, mean_q: --
   17218/1750000: episode: 44, duration: 5.705s, episode steps: 299, steps per second:  52, episode reward:  2.000, mean reward:  0.007 [ 0.000,  1.000], mean action: 1.950 [0.000, 3.000],  loss: --, mae: --, mean_q: --
   17481/1750000: episode: 45, duration: 5.689s, episode steps: 263, steps per second:  46, episode reward:  0.000, mean reward:  0.000 [ 0.000,  0.000], mean action: 1.970 [0.000, 3.000],  loss: --, mae: --, mean_q: --
   18139/1750000: episode: 46, duration: 12.312s, episode steps: 658, steps per second:  53, episode reward:  0.000, mean reward:  0.000 [ 0.000,  0.000], mean action: 1.945 [0.000, 3.000],  loss: --, mae: --, mean_q: --
   18520/1750000: episode: 47, duration: 7.209s, episode steps: 381, steps per second:  53, episode reward:  0.000, mean reward:  0.000 [ 0.000,  0.000], mean action: 1.974 [0.000, 3.000],  loss: --, mae: --, mean_q: --
   18920/1750000: episode: 48, duration: 7.696s, episode steps: 400, steps per second:  52, episode reward:  2.000, mean reward:  0.005 [ 0.000,  1.000], mean action: 1.972 [0.000, 3.000],  loss: --, mae: --, mean_q: --
   19205/1750000: episode: 49, duration: 5.409s, episode steps: 285, steps per second:  53, episode reward:  2.000, mean reward:  0.007 [ 0.000,  1.000], mean action: 1.954 [0.000, 3.000],  loss: --, mae: --, mean_q: --
   19589/1750000: episode: 50, duration: 7.301s, episode steps: 384, steps per second:  53, episode reward:  4.000, mean reward:  0.010 [ 0.000,  1.000], mean action: 1.956 [0.000, 3.000],  loss: --, mae: --, mean_q: --
   20070/1750000: episode: 51, duration: 9.291s, episode steps: 481, steps per second:  52, episode reward:  2.000, mean reward:  0.004 [ 0.000,  1.000], mean action: 1.940 [0.000, 3.000],  loss: --, mae: --, mean_q: --
   20401/1750000: episode: 52, duration: 6.391s, episode steps: 331, steps per second:  52, episode reward:  2.000, mean reward:  0.006 [ 0.000,  1.000], mean action: 1.912 [0.000, 3.000],  loss: --, mae: --, mean_q: --
   20744/1750000: episode: 53, duration: 7.412s, episode steps: 343, steps per second:  46, episode reward:  0.000, mean reward:  0.000 [ 0.000,  0.000], mean action: 1.959 [0.000, 3.000],  loss: --, mae: --, mean_q: --
   21154/1750000: episode: 54, duration: 7.902s, episode steps: 410, steps per second:  52, episode reward:  2.000, mean reward:  0.005 [ 0.000,  1.000], mean action: 1.929 [0.000, 3.000],  loss: --, mae: --, mean_q: --
   21680/1750000: episode: 55, duration: 10.097s, episode steps: 526, steps per second:  52, episode reward:  2.000, mean reward:  0.004 [ 0.000,  1.000], mean action: 1.952 [0.000, 3.000],  loss: --, mae: --, mean_q: --
   22066/1750000: episode: 56, duration: 7.403s, episode steps: 386, steps per second:  52, episode reward:  0.000, mean reward:  0.000 [ 0.000,  0.000], mean action: 1.933 [0.000, 3.000],  loss: --, mae: --, mean_q: --
   22537/1750000: episode: 57, duration: 9.086s, episode steps: 471, steps per second:  52, episode reward:  3.000, mean reward:  0.006 [ 0.000,  1.000], mean action: 1.981 [0.000, 3.000],  loss: --, mae: --, mean_q: --
   22827/1750000: episode: 58, duration: 5.512s, episode steps: 290, steps per second:  53, episode reward:  2.000, mean reward:  0.007 [ 0.000,  1.000], mean action: 1.952 [0.000, 3.000],  loss: --, mae: --, mean_q: --
   23182/1750000: episode: 59, duration: 6.792s, episode steps: 355, steps per second:  52, episode reward:  3.000, mean reward:  0.008 [ 0.000,  1.000], mean action: 1.935 [0.000, 3.000],  loss: --, mae: --, mean_q: --
   23456/1750000: episode: 60, duration: 5.207s, episode steps: 274, steps per second:  53, episode reward:  2.000, mean reward:  0.007 [ 0.000,  1.000], mean action: 1.927 [0.000, 3.000],  loss: --, mae: --, mean_q: --
   23882/1750000: episode: 61, duration: 8.903s, episode steps: 426, steps per second:  48, episode reward:  3.000, mean reward:  0.007 [ 0.000,  1.000], mean action: 1.962 [0.000, 3.000],  loss: --, mae: --, mean_q: --
   24046/1750000: episode: 62, duration: 3.279s, episode steps: 164, steps per second:  50, episode reward:  0.000, mean reward:  0.000 [ 0.000,  0.000], mean action: 1.921 [0.000, 3.000],  loss: --, mae: --, mean_q: --
   24551/1750000: episode: 63, duration: 9.615s, episode steps: 505, steps per second:  53, episode reward:  0.000, mean reward:  0.000 [ 0.000,  0.000], mean action: 1.962 [0.000, 3.000],  loss: --, mae: --, mean_q: --
   24871/1750000: episode: 64, duration: 6.303s, episode steps: 320, steps per second:  51, episode reward:  0.000, mean reward:  0.000 [ 0.000,  0.000], mean action: 1.953 [0.000, 3.000],  loss: --, mae: --, mean_q: --
   25095/1750000: episode: 65, duration: 4.393s, episode steps: 224, steps per second:  51, episode reward:  0.000, mean reward:  0.000 [ 0.000,  0.000], mean action: 1.929 [0.000, 3.000],  loss: --, mae: --, mean_q: --
   25487/1750000: episode: 66, duration: 7.695s, episode steps: 392, steps per second:  51, episode reward:  3.000, mean reward:  0.008 [ 0.000,  1.000], mean action: 1.944 [0.000, 3.000],  loss: --, mae: --, mean_q: --
   25812/1750000: episode: 67, duration: 6.501s, episode steps: 325, steps per second:  50, episode reward:  0.000, mean reward:  0.000 [ 0.000,  0.000], mean action: 1.942 [0.000, 3.000],  loss: --, mae: --, mean_q: --
   26139/1750000: episode: 68, duration: 6.389s, episode steps: 327, steps per second:  51, episode reward:  0.000, mean reward:  0.000 [ 0.000,  0.000], mean action: 1.951 [0.000, 3.000],  loss: --, mae: --, mean_q: --
   26341/1750000: episode: 69, duration: 3.909s, episode steps: 202, steps per second:  52, episode reward:  0.000, mean reward:  0.000 [ 0.000,  0.000], mean action: 1.985 [0.000, 3.000],  loss: --, mae: --, mean_q: --
   26778/1750000: episode: 70, duration: 9.111s, episode steps: 437, steps per second:  48, episode reward:  0.000, mean reward:  0.000 [ 0.000,  0.000], mean action: 1.963 [0.000, 3.000],  loss: --, mae: --, mean_q: --
   27165/1750000: episode: 71, duration: 7.393s, episode steps: 387, steps per second:  52, episode reward:  3.000, mean reward:  0.008 [ 0.000,  1.000], mean action: 1.972 [0.000, 3.000],  loss: --, mae: --, mean_q: --
   27822/1750000: episode: 72, duration: 12.498s, episode steps: 657, steps per second:  53, episode reward:  4.000, mean reward:  0.006 [ 0.000,  1.000], mean action: 1.942 [0.000, 3.000],  loss: --, mae: --, mean_q: --
   28325/1750000: episode: 73, duration: 9.599s, episode steps: 503, steps per second:  52, episode reward:  2.000, mean reward:  0.004 [ 0.000,  1.000], mean action: 1.962 [0.000, 3.000],  loss: --, mae: --, mean_q: --
   28691/1750000: episode: 74, duration: 7.089s, episode steps: 366, steps per second:  52, episode reward:  0.000, mean reward:  0.000 [ 0.000,  0.000], mean action: 1.921 [0.000, 3.000],  loss: --, mae: --, mean_q: --
   29204/1750000: episode: 75, duration: 9.602s, episode steps: 513, steps per second:  53, episode reward:  3.000, mean reward:  0.006 [ 0.000,  1.000], mean action: 1.924 [0.000, 3.000],  loss: --, mae: --, mean_q: --
   29610/1750000: episode: 76, duration: 7.600s, episode steps: 406, steps per second:  53, episode reward:  2.000, mean reward:  0.005 [ 0.000,  1.000], mean action: 1.941 [0.000, 3.000],  loss: --, mae: --, mean_q: --
   29934/1750000: episode: 77, duration: 6.607s, episode steps: 324, steps per second:  49, episode reward:  2.000, mean reward:  0.006 [ 0.000,  1.000], mean action: 1.944 [0.000, 3.000],  loss: --, mae: --, mean_q: --
   30345/1750000: episode: 78, duration: 7.884s, episode steps: 411, steps per second:  52, episode reward:  4.000, mean reward:  0.010 [ 0.000,  1.000], mean action: 1.912 [0.000, 3.000],  loss: --, mae: --, mean_q: --
   30613/1750000: episode: 79, duration: 5.007s, episode steps: 268, steps per second:  54, episode reward:  2.000, mean reward:  0.007 [ 0.000,  1.000], mean action: 1.937 [0.000, 3.000],  loss: --, mae: --, mean_q: --
   31085/1750000: episode: 80, duration: 8.808s, episode steps: 472, steps per second:  54, episode reward:  3.000, mean reward:  0.006 [ 0.000,  1.000], mean action: 1.951 [0.000, 3.000],  loss: --, mae: --, mean_q: --
   31426/1750000: episode: 81, duration: 6.395s, episode steps: 341, steps per second:  53, episode reward:  0.000, mean reward:  0.000 [ 0.000,  0.000], mean action: 1.959 [0.000, 3.000],  loss: --, mae: --, mean_q: --
   31602/1750000: episode: 82, duration: 3.388s, episode steps: 176, steps per second:  52, episode reward:  0.000, mean reward:  0.000 [ 0.000,  0.000], mean action: 1.943 [0.000, 3.000],  loss: --, mae: --, mean_q: --
   31899/1750000: episode: 83, duration: 5.510s, episode steps: 297, steps per second:  54, episode reward:  0.000, mean reward:  0.000 [ 0.000,  0.000], mean action: 1.946 [0.000, 3.000],  loss: --, mae: --, mean_q: --
   32379/1750000: episode: 84, duration: 8.986s, episode steps: 480, steps per second:  53, episode reward:  4.000, mean reward:  0.008 [ 0.000,  1.000], mean action: 1.956 [0.000, 3.000],  loss: --, mae: --, mean_q: --
   32686/1750000: episode: 85, duration: 5.805s, episode steps: 307, steps per second:  53, episode reward:  0.000, mean reward:  0.000 [ 0.000,  0.000], mean action: 1.954 [0.000, 3.000],  loss: --, mae: --, mean_q: --
   32995/1750000: episode: 86, duration: 6.202s, episode steps: 309, steps per second:  50, episode reward:  2.000, mean reward:  0.006 [ 0.000,  1.000], mean action: 1.935 [0.000, 3.000],  loss: --, mae: --, mean_q: --
   33478/1750000: episode: 87, duration: 9.292s, episode steps: 483, steps per second:  52, episode reward:  2.000, mean reward:  0.004 [ 0.000,  1.000], mean action: 1.988 [0.000, 3.000],  loss: --, mae: --, mean_q: --
   33883/1750000: episode: 88, duration: 7.599s, episode steps: 405, steps per second:  53, episode reward:  2.000, mean reward:  0.005 [ 0.000,  1.000], mean action: 1.951 [0.000, 3.000],  loss: --, mae: --, mean_q: --
   34370/1750000: episode: 89, duration: 9.308s, episode steps: 487, steps per second:  52, episode reward:  2.000, mean reward:  0.004 [ 0.000,  1.000], mean action: 1.955 [0.000, 3.000],  loss: --, mae: --, mean_q: --
   34681/1750000: episode: 90, duration: 5.898s, episode steps: 311, steps per second:  53, episode reward:  0.000, mean reward:  0.000 [ 0.000,  0.000], mean action: 1.932 [0.000, 3.000],  loss: --, mae: --, mean_q: --
   34926/1750000: episode: 91, duration: 4.704s, episode steps: 245, steps per second:  52, episode reward:  0.000, mean reward:  0.000 [ 0.000,  0.000], mean action: 1.935 [0.000, 3.000],  loss: --, mae: --, mean_q: --
   35381/1750000: episode: 92, duration: 8.698s, episode steps: 455, steps per second:  52, episode reward:  2.000, mean reward:  0.004 [ 0.000,  1.000], mean action: 1.945 [0.000, 3.000],  loss: --, mae: --, mean_q: --
   35779/1750000: episode: 93, duration: 7.604s, episode steps: 398, steps per second:  52, episode reward:  2.000, mean reward:  0.005 [ 0.000,  1.000], mean action: 1.945 [0.000, 3.000],  loss: --, mae: --, mean_q: --
   36294/1750000: episode: 94, duration: 10.388s, episode steps: 515, steps per second:  50, episode reward:  3.000, mean reward:  0.006 [ 0.000,  1.000], mean action: 1.951 [0.000, 3.000],  loss: --, mae: --, mean_q: --
   36947/1750000: episode: 95, duration: 12.596s, episode steps: 653, steps per second:  52, episode reward:  3.000, mean reward:  0.005 [ 0.000,  1.000], mean action: 1.965 [0.000, 3.000],  loss: --, mae: --, mean_q: --
   37339/1750000: episode: 96, duration: 7.600s, episode steps: 392, steps per second:  52, episode reward:  0.000, mean reward:  0.000 [ 0.000,  0.000], mean action: 1.936 [0.000, 3.000],  loss: --, mae: --, mean_q: --
   37753/1750000: episode: 97, duration: 8.010s, episode steps: 414, steps per second:  52, episode reward:  0.000, mean reward:  0.000 [ 0.000,  0.000], mean action: 1.964 [0.000, 3.000],  loss: --, mae: --, mean_q: --
   38047/1750000: episode: 98, duration: 5.784s, episode steps: 294, steps per second:  51, episode reward:  2.000, mean reward:  0.007 [ 0.000,  1.000], mean action: 1.969 [0.000, 3.000],  loss: --, mae: --, mean_q: --
   38532/1750000: episode: 99, duration: 9.314s, episode steps: 485, steps per second:  52, episode reward:  3.000, mean reward:  0.006 [ 0.000,  1.000], mean action: 1.951 [0.000, 3.000],  loss: --, mae: --, mean_q: --
   39016/1750000: episode: 100, duration: 9.295s, episode steps: 484, steps per second:  52, episode reward:  3.000, mean reward:  0.006 [ 0.000,  1.000], mean action: 1.965 [0.000, 3.000],  loss: --, mae: --, mean_q: --
   39372/1750000: episode: 101, duration: 8.088s, episode steps: 356, steps per second:  44, episode reward:  3.000, mean reward:  0.008 [ 0.000,  1.000], mean action: 1.944 [0.000, 3.000],  loss: --, mae: --, mean_q: --
   39767/1750000: episode: 102, duration: 7.904s, episode steps: 395, steps per second:  50, episode reward:  2.000, mean reward:  0.005 [ 0.000,  1.000], mean action: 1.949 [0.000, 3.000],  loss: --, mae: --, mean_q: --
   40123/1750000: episode: 103, duration: 7.114s, episode steps: 356, steps per second:  50, episode reward:  2.000, mean reward:  0.006 [ 0.000,  1.000], mean action: 1.938 [0.000, 3.000],  loss: --, mae: --, mean_q: --
   40382/1750000: episode: 104, duration: 5.179s, episode steps: 259, steps per second:  50, episode reward:  2.000, mean reward:  0.008 [ 0.000,  1.000], mean action: 1.969 [0.000, 3.000],  loss: --, mae: --, mean_q: --
   40686/1750000: episode: 105, duration: 5.916s, episode steps: 304, steps per second:  51, episode reward:  0.000, mean reward:  0.000 [ 0.000,  0.000], mean action: 1.947 [0.000, 3.000],  loss: --, mae: --, mean_q: --
   41076/1750000: episode: 106, duration: 7.789s, episode steps: 390, steps per second:  50, episode reward:  2.000, mean reward:  0.005 [ 0.000,  1.000], mean action: 1.977 [0.000, 3.000],  loss: --, mae: --, mean_q: --
   41625/1750000: episode: 107, duration: 10.703s, episode steps: 549, steps per second:  51, episode reward:  3.000, mean reward:  0.005 [ 0.000,  1.000], mean action: 1.929 [0.000, 3.000],  loss: --, mae: --, mean_q: --
   41899/1750000: episode: 108, duration: 5.396s, episode steps: 274, steps per second:  51, episode reward:  2.000, mean reward:  0.007 [ 0.000,  1.000], mean action: 1.934 [0.000, 3.000],  loss: --, mae: --, mean_q: --
   42073/1750000: episode: 109, duration: 3.505s, episode steps: 174, steps per second:  50, episode reward:  0.000, mean reward:  0.000 [ 0.000,  0.000], mean action: 1.908 [0.000, 3.000],  loss: --, mae: --, mean_q: --
   42461/1750000: episode: 110, duration: 8.091s, episode steps: 388, steps per second:  48, episode reward:  3.000, mean reward:  0.008 [ 0.000,  1.000], mean action: 1.951 [0.000, 3.000],  loss: --, mae: --, mean_q: --
   42741/1750000: episode: 111, duration: 5.414s, episode steps: 280, steps per second:  52, episode reward:  0.000, mean reward:  0.000 [ 0.000,  0.000], mean action: 1.975 [0.000, 3.000],  loss: --, mae: --, mean_q: --
